<?php return array (
  0 => 'Symfony\\Component\\Config\\FileLocator',
  1 => 'Symfony\\Component\\EventDispatcher\\Event',
  2 => 'Symfony\\Component\\EventDispatcher\\ContainerAwareEventDispatcher',
  3 => 'Symfony\\Component\\HttpKernel\\EventListener\\ResponseListener',
  4 => 'Symfony\\Component\\HttpKernel\\EventListener\\RouterListener',
  5 => 'Symfony\\Component\\HttpKernel\\Controller\\ControllerResolver',
  6 => 'Symfony\\Component\\HttpKernel\\Event\\KernelEvent',
  7 => 'Symfony\\Component\\HttpKernel\\Event\\FilterControllerEvent',
  8 => 'Symfony\\Component\\HttpKernel\\Event\\FilterResponseEvent',
  9 => 'Symfony\\Component\\HttpKernel\\Event\\GetResponseEvent',
  10 => 'Symfony\\Component\\HttpKernel\\Event\\GetResponseForControllerResultEvent',
  11 => 'Symfony\\Component\\HttpKernel\\Event\\GetResponseForExceptionEvent',
  12 => 'Symfony\\Component\\HttpKernel\\KernelEvents',
  13 => 'Symfony\\Component\\HttpKernel\\Config\\FileLocator',
  14 => 'Symfony\\Bundle\\FrameworkBundle\\Controller\\ControllerNameParser',
  15 => 'Symfony\\Bundle\\FrameworkBundle\\Controller\\ControllerResolver',
);